com/seekerhub/seeker/dto/user/UserDto$UserDtoBuilder.class
com/seekerhub/seeker/entity/Role.class
com/seekerhub/seeker/repository/EmployerRepository.class
com/seekerhub/seeker/service/user/EmployerService.class
com/seekerhub/seeker/controller/UserController.class
com/seekerhub/seeker/mapper/RoleMapperImpl.class
com/seekerhub/seeker/SeekerApplication.class
com/seekerhub/seeker/dto/role/RoleDto.class
com/seekerhub/seeker/entity/Employer.class
com/seekerhub/seeker/mapper/EmployerMapper.class
com/seekerhub/seeker/mapper/RoleMapper.class
com/seekerhub/seeker/dto/Employer/EmployerDto.class
com/seekerhub/seeker/service/user/UserServiceImpl.class
com/seekerhub/seeker/dto/role/RoleDto$RoleDtoBuilder.class
com/seekerhub/seeker/service/user/EmployerServiceImp.class
com/seekerhub/seeker/dto/Employer/EmployerDto$EmployerDtoBuilder.class
com/seekerhub/seeker/entity/User.class
com/seekerhub/seeker/security/SecurityConfig.class
com/seekerhub/seeker/mapper/BaseMapper.class
com/seekerhub/seeker/entity/BaseEntity.class
com/seekerhub/seeker/mapper/UserMapper.class
com/seekerhub/seeker/mapper/UserMapperImpl.class
com/seekerhub/seeker/controller/EmployerController.class
com/seekerhub/seeker/dto/user/UserDto.class
com/seekerhub/seeker/mapper/EmployerMapperImpl.class
com/seekerhub/seeker/repository/RoleRepository.class
com/seekerhub/seeker/service/user/UserService.class
com/seekerhub/seeker/repository/UserRepository.class
