/Users/nouraalsabr/Desktop/seeker/src/main/java/com/seekerhub/seeker/entity/Employer.java
/Users/nouraalsabr/Desktop/seeker/src/main/java/com/seekerhub/seeker/entity/User.java
/Users/nouraalsabr/Desktop/seeker/src/main/java/com/seekerhub/seeker/mapper/RoleMapper.java
/Users/nouraalsabr/Desktop/seeker/src/main/java/com/seekerhub/seeker/service/user/UserServiceImpl.java
/Users/nouraalsabr/Desktop/seeker/src/main/java/com/seekerhub/seeker/repository/RoleRepository.java
/Users/nouraalsabr/Desktop/seeker/src/main/java/com/seekerhub/seeker/mapper/BaseMapper.java
/Users/nouraalsabr/Desktop/seeker/src/main/java/com/seekerhub/seeker/repository/UserRepository.java
/Users/nouraalsabr/Desktop/seeker/src/main/java/com/seekerhub/seeker/entity/Role.java
/Users/nouraalsabr/Desktop/seeker/src/main/java/com/seekerhub/seeker/SeekerApplication.java
/Users/nouraalsabr/Desktop/seeker/src/main/java/com/seekerhub/seeker/service/user/EmployerService.java
/Users/nouraalsabr/Desktop/seeker/src/main/java/com/seekerhub/seeker/security/SecurityConfig.java
/Users/nouraalsabr/Desktop/seeker/src/main/java/com/seekerhub/seeker/dto/Employer/EmployerDto.java
/Users/nouraalsabr/Desktop/seeker/src/main/java/com/seekerhub/seeker/service/user/EmployerServiceImp.java
/Users/nouraalsabr/Desktop/seeker/src/main/java/com/seekerhub/seeker/dto/role/RoleDto.java
/Users/nouraalsabr/Desktop/seeker/src/main/java/com/seekerhub/seeker/entity/BaseEntity.java
/Users/nouraalsabr/Desktop/seeker/src/main/java/com/seekerhub/seeker/mapper/EmployerMapper.java
/Users/nouraalsabr/Desktop/seeker/src/main/java/com/seekerhub/seeker/mapper/UserMapper.java
/Users/nouraalsabr/Desktop/seeker/src/main/java/com/seekerhub/seeker/controller/UserController.java
/Users/nouraalsabr/Desktop/seeker/src/main/java/com/seekerhub/seeker/repository/EmployerRepository.java
/Users/nouraalsabr/Desktop/seeker/src/main/java/com/seekerhub/seeker/dto/user/UserDto.java
/Users/nouraalsabr/Desktop/seeker/src/main/java/com/seekerhub/seeker/controller/EmployerController.java
/Users/nouraalsabr/Desktop/seeker/src/main/java/com/seekerhub/seeker/service/user/UserService.java
